// Jest Snapshot v1, https://goo.gl/fbAQLP

exports['<Button /> should be render the medium size by default 1'] = `
.c0 {
  display: -webkit-inline-box;
  display: -webkit-inline-flex;
  display: -ms-inline-flexbox;
  display: inline-flex;
  -webkit-box-pack: center;
  -webkit-justify-content: center;
  -ms-flex-pack: center;
  justify-content: center;
  -webkit-align-items: center;
  -webkit-box-align: center;
  -ms-flex-align: center;
  align-items: center;
  border: none;
  -webkit-text-decoration: none;
  text-decoration: none;
  background-color: #6B8067;
  -webkit-transition: 0.3s ease-in-out;
  transition: 0.3s ease-in-out;
  height: 4rem;
  width: 27rem;
  border-radius: 0.4rem;
}

.c0:hover {
  background-color: #556652;
}

.c0 span {
  color: #FFFFFF;
  font-size: 1.4rem;
  font-weight: 600;
}

<button
  class="c0"
>
  <span>
    Add to cart
  </span>
</button>
`;
